C:\Users\lucho\Documents\MCUXpressoIDE_11.8.0_1165\workspace2\CMSISv2p00_LPC17xx\inc/core_cm3.h:928:22:NVIC_EnableIRQ	16	static
C:\Users\lucho\Documents\MCUXpressoIDE_11.8.0_1165\workspace2\CMSISv2p00_LPC17xx\inc/core_cm3.h:1012:22:NVIC_SetPriority	16	static
../src/main.c:96:5:main	8	static
../src/main.c:158:6:configGpio	32	static
../src/main.c:210:6:confDAC	16	static
../src/main.c:226:6:configTimer	40	static
../src/main.c:306:6:configIntExt	24	static
../src/main.c:385:6:EINT0_IRQHandler	96	static
../src/main.c:399:6:EINT1_IRQHandler	56	dynamic
../src/main.c:455:6:configDMA	64	static
../src/main.c:497:6:TIMER0_IRQHandler	88	static
../src/main.c:586:6:TIMER2_IRQHandler	16	static
../src/main.c:635:6:configADC	16	static
../src/main.c:655:6:ADC_IRQHandler	16	static
../src/main.c:662:6:multiplexar	16	static
../src/main.c:691:6:delay	24	static
../src/main.c:702:6:configUART	24	static
../src/main.c:717:6:UART3_IRQHandler	32	static
../src/main.c:738:6:cargar_valor_a_wform	24	static
../src/main.c:770:6:portada	128	static
../src/main.c:778:6:delay_sin	16	static
