C:\Users\lucho\Documents\MCUXpressoIDE_11.8.0_1165\workspace2\CMSISv2p00_LPC17xx\inc/core_cm3.h:928:22:NVIC_EnableIRQ	16	static
C:\Users\lucho\Documents\MCUXpressoIDE_11.8.0_1165\workspace2\CMSISv2p00_LPC17xx\inc/core_cm3.h:1012:22:NVIC_SetPriority	16	static
../src/main.c:99:5:main	8	static
../src/main.c:161:6:configGpio	32	static
../src/main.c:213:6:confDAC	16	static
../src/main.c:229:6:configTimer	40	static
../src/main.c:309:6:configIntExt	24	static
../src/main.c:388:6:EINT0_IRQHandler	96	static
../src/main.c:402:6:EINT1_IRQHandler	56	dynamic
../src/main.c:458:6:configDMA	64	static
../src/main.c:500:6:TIMER0_IRQHandler	88	static
../src/main.c:589:6:TIMER2_IRQHandler	16	static
../src/main.c:638:6:configADC	16	static
../src/main.c:658:6:ADC_IRQHandler	16	static
../src/main.c:665:6:multiplexar	16	static
../src/main.c:694:6:delay	24	static
../src/main.c:705:6:configUART	24	static
../src/main.c:720:6:UART3_IRQHandler	24	static
../src/main.c:754:6:cargar_valor_a_wform	16	static
../src/main.c:769:6:formar_onda	16	static
../src/main.c:819:6:portada	128	static
../src/main.c:827:6:delay_sin	16	static
